[2026-09-30T12:33:52+02:00] run start
Generated content/posts/best-ai-video-editors.md
Start building sites … 
hugo v0.157.0+extended+withdeploy linux/amd64 BuildDate=2026-02-25T16:38:33Z VendorInfo=Homebrew


                  │ EN 
──────────────────┼────
 Pages            │ 16 
 Paginator pages  │  0 
 Non-page files   │  0 
 Static files     │  1 
 Processed images │  0 
 Aliases          │  0 
 Cleaned          │  0 

Total in 21 ms
Site built → /home/ta/projects/affiliate-engine/public
To https://github.com/amanajas/affiliate-engine.git
   643c8d7..62b7101  main -> main
[2026-09-30T12:35:42+02:00] committed+pushed
[2026-09-30T15:41:03+02:00] run start
Generated content/posts/best-ai-podcast-tools.md
Start building sites … 
hugo v0.157.0+extended+withdeploy linux/amd64 BuildDate=2026-02-25T16:38:33Z VendorInfo=Homebrew


                  │ EN 
──────────────────┼────
 Pages            │ 17 
 Paginator pages  │  0 
 Non-page files   │  0 
 Static files     │  1 
 Processed images │  0 
 Aliases          │  0 
 Cleaned          │  0 

Total in 36 ms
Site built → /home/ta/projects/toolstack/public
To https://github.com/amanajas/toolstack.git
   e56fc1c..91347b2  main -> main
[2026-09-30T15:43:32+02:00] committed+pushed
[2026-10-03T06:00:01+02:00] run start
Generated content/posts/jasper-review.md
Start building sites … 
hugo v0.146.3-05ef8b713a3c091bfca7a3543ed016c64b3c6f88 linux/amd64 BuildDate=2025-04-12T17:21:50Z VendorInfo=gohugoio


                   | EN  
-------------------+-----
  Pages            | 19  
  Paginator pages  |  0  
  Non-page files   |  0  
  Static files     |  2  
  Processed images |  0  
  Aliases          |  0  
  Cleaned          |  0  

Total in 31 ms
Site built → /home/ta/projects/toolstack/public
